// Jest Snapshot v1, https://goo.gl/fbAQLP

exports[`scrambled SettingsBoard component renders correctly 1`] = `
<div
  className="ui basic center aligned segment"
  style={
    Object {
      "alignItems": "center",
      "display": "flex",
      "flexDirection": "column",
      "justifyContent": "center",
    }
  }
>
  <div
    className="ui compact padded segment"
  >
    <form
      className="ui form"
      onSubmit={[Function]}
    >
      <div
        className="ui header"
      >
        game.settings.language
      </div>
      <div
        className="field"
      >
        <div
          aria-describedby={null}
          aria-expanded={false}
          className="ui selection dropdown"
          onBlur={[Function]}
          onChange={[Function]}
          onClick={[Function]}
          onFocus={[Function]}
          onKeyDown={[Function]}
          onMouseDown={[Function]}
          role="listbox"
          tabIndex={0}
        >
          <div
            aria-atomic={true}
            aria-live="polite"
            className="divider text"
            role="alert"
          >
            polski
          </div>
          <i
            aria-hidden="true"
            className="dropdown icon"
            onClick={[Function]}
          />
          <div
            className="menu transition"
          >
            <div
              aria-checked={true}
              aria-selected={true}
              className="active selected item"
              onClick={[Function]}
              role="option"
              style={
                Object {
                  "pointerEvents": "all",
                }
              }
            >
              <span
                className="text"
              >
                polski
              </span>
            </div>
            <div
              aria-checked={false}
              aria-selected={false}
              className="item"
              onClick={[Function]}
              role="option"
              style={
                Object {
                  "pointerEvents": "all",
                }
              }
            >
              <span
                className="text"
              >
                English
              </span>
            </div>
          </div>
        </div>
      </div>
      <div
        className="ui header"
      >
        game.settings.assist
      </div>
      <div
        className="field"
      >
        <div
          className="field"
        >
          <div
            className="ui checked toggle checkbox"
            onChange={[Function]}
            onClick={[Function]}
            onMouseDown={[Function]}
            onMouseUp={[Function]}
          >
            <input
              aria-describedby={null}
              checked={true}
              className="hidden"
              readOnly={true}
              tabIndex={0}
              type="radio"
              value="assist1"
            />
            <label>
              game.settings.assists.assist1
            </label>
          </div>
        </div>
      </div>
      <div
        className="field"
      >
        <div
          className="field"
        >
          <div
            className="ui toggle checkbox"
            onChange={[Function]}
            onClick={[Function]}
            onMouseDown={[Function]}
            onMouseUp={[Function]}
          >
            <input
              aria-describedby={null}
              checked={false}
              className="hidden"
              readOnly={true}
              tabIndex={0}
              type="radio"
              value="assist2"
            />
            <label>
              game.settings.assists.assist2
            </label>
          </div>
        </div>
      </div>
      <div
        className="ui header"
      >
        game.settings.opponent_preview
        <div
          className="sub header"
          style={
            Object {
              "maxWidth": 260,
            }
          }
        >
          game.settings.opponent_preview_details
        </div>
      </div>
      <div
        className="field"
      >
        <div
          className="field"
        >
          <div
            className="ui checked toggle checkbox"
            onChange={[Function]}
            onClick={[Function]}
            onMouseDown={[Function]}
            onMouseUp={[Function]}
          >
            <input
              aria-describedby={null}
              checked={true}
              className="hidden"
              readOnly={true}
              tabIndex={0}
              type="checkbox"
            />
            <label>
              game.settings.opponent_previews.true
            </label>
          </div>
        </div>
      </div>
    </form>
  </div>
  <button
    className="ui green icon right labeled button"
    onClick={[Function]}
  >
    board.wait.actions.start
    <i
      aria-hidden="true"
      className="pencil icon"
      onClick={[Function]}
    />
  </button>
</div>
`;
