// Jest Snapshot v1, https://goo.gl/fbAQLP

exports[`scrambled TilesPanel component renders correctly 1`] = `
<div
  class="ui segment"
>
  <span
    class="ui green ribbon label"
  >
    <i
      aria-hidden="true"
      class="star icon"
    />
    panel.tiles
  </span>
  <div
    class="ui top right attached label"
  >
    game.info.tiles.left
    : 
    42
  </div>
  <div
    style="display: flex; padding-top: 10px;"
  >
    <div
      class="tile tile_separate tile_clickable"
    >
      <div
        class="letter"
      >
        A
      </div>
      <div
        class="points"
      >
        1
      </div>
    </div>
    <button
      class="ui red disabled button"
      disabled=""
      tabindex="-1"
    >
      <i
        aria-hidden="true"
        class="undo icon"
      />
      panel.actions.return
    </button>
    <button
      class="ui orange disabled button"
      disabled=""
      tabindex="-1"
    >
      <i
        aria-hidden="true"
        class="refresh icon"
      />
      panel.actions.swap
    </button>
    <button
      class="ui yellow button"
    >
      <i
        aria-hidden="true"
        class="forward icon"
      />
      panel.actions.skip
    </button>
    <button
      class="ui green disabled button"
      disabled=""
      tabindex="-1"
    >
      <i
        aria-hidden="true"
        class="check icon"
      />
      panel.actions.play
    </button>
  </div>
</div>
`;
