// Jest Snapshot v1, https://goo.gl/fbAQLP

exports[`scrambled Tile component renders correctly 1`] = `
<div
  class="tile tile_separate tile_raised tile_highlighted"
>
  <div
    class="letter"
  >
    X
  </div>
  <div
    class="bonus"
    style="background: rgb(22, 145, 159);"
  />
  <div
    class="points"
    style="text-shadow: -1px -1px 0 #16919F, 1px -1px 0 #16919F, -1px  1px 0 #16919F, 1px  1px 0 #16919F;"
  >
    15
  </div>
</div>
`;
